// Jest Snapshot v1, https://goo.gl/fbAQLP

exports[`Quote test Quote component display loading status 1`] = `
<p
  class="sectionQuote textQuote"
  title="quote-component"
>
  Loading...
</p>
`;
